name,start_time,end_time,status
JOB5678,15:00,18:00,
BCHJFB,06:00,12:00,
JBARNESJOB,19:00,21:00,
RBEBBJOB,09:00,12:00,
ADMIN5,12:00,16:00,
CNIELSEN,09:00,10:00,
